Using pre-set license
Built from '2020.3/release' branch; Version is '2020.3.49f1 (18249dd5551b) revision 1582237'; Using compiler version '192528614'; Build Type 'Release'
OS: 'Windows 11  (10.0.26200) 64bit Core' Language: 'en' Physical Memory: 32653 MB
BatchMode: 1, IsHumanControllingUs: 0, StartBugReporterOnCrash: 0, Is64bit: 1, IsPro: 0

COMMAND LINE ARGUMENTS:
C:\Program Files\Unity\Hub\Editor\2020.3.49f1\Editor\Unity.exe
-adb2
-batchMode
-noUpm
-name
AssetImportWorker0
-projectPath
A:/GitHub/revenge-of-the-roombas-with-backend/game
-logFile
Logs/AssetImportWorker0.log
-srvPort
58302
Successfully changed project path to: A:/GitHub/revenge-of-the-roombas-with-backend/game
A:/GitHub/revenge-of-the-roombas-with-backend/game
Using Asset Import Pipeline V2.
Player connection [26704] Host "[IP] 169.254.83.107 [Port] 3221443040 [Flags] 2 [Guid] 1432960185 [EditorId] 1432960185 [Version] 1048832 [Id] WindowsEditor(7,HIPPO) [Debug] 1 [PackageName] WindowsEditor [ProjectName] Editor" joined multi-casting on [225.0.0.222:54997]...

Player connection [26704] Host "[IP] 169.254.83.107 [Port] 3221443040 [Flags] 2 [Guid] 1432960185 [EditorId] 1432960185 [Version] 1048832 [Id] WindowsEditor(7,HIPPO) [Debug] 1 [PackageName] WindowsEditor [ProjectName] Editor" joined alternative multi-casting on [225.0.0.222:34997]...

Refreshing native plugins compatible for Editor in 53.39 ms, found 0 plugins.
Preloading 0 native plugins for Editor in 0.00 ms.
Initialize engine version: 2020.3.49f1 (18249dd5551b)
[Subsystems] Discovering subsystems at path C:/Program Files/Unity/Hub/Editor/2020.3.49f1/Editor/Data/Resources/UnitySubsystems
[Subsystems] Discovering subsystems at path A:/GitHub/revenge-of-the-roombas-with-backend/game/Assets
GfxDevice: creating device client; threaded=0
Direct3D:
    Version:  Direct3D 11.0 [level 11.1]
    Renderer: NVIDIA GeForce RTX 3060 Ti (ID=0x2489)
    Vendor:   
    VRAM:     8024 MB
    Driver:   32.0.16.1088
Initialize mono
Mono path[0] = 'C:/Program Files/Unity/Hub/Editor/2020.3.49f1/Editor/Data/Managed'
Mono path[1] = 'C:/Program Files/Unity/Hub/Editor/2020.3.49f1/Editor/Data/MonoBleedingEdge/lib/mono/unityjit'
Mono config path = 'C:/Program Files/Unity/Hub/Editor/2020.3.49f1/Editor/Data/MonoBleedingEdge/etc'
Using monoOptions --debugger-agent=transport=dt_socket,embedding=1,server=y,suspend=n,address=127.0.0.1:56364
Begin MonoManager ReloadAssembly
Registering precompiled unity dll's ...
Register platform support module: C:/Program Files/Unity/Hub/Editor/2020.3.49f1/Editor/Data/PlaybackEngines/WindowsStandaloneSupport/UnityEditor.WindowsStandalone.Extensions.dll
Registered in 0.002000 seconds.
Native extension for WindowsStandalone target not found
Refreshing native plugins compatible for Editor in 63.84 ms, found 0 plugins.
Preloading 0 native plugins for Editor in 0.00 ms.
Mono: successfully reloaded assembly
- Completed reload, in  0.547 seconds
Domain Reload Profiling:
	ReloadAssembly (547ms)
		BeginReloadAssembly (66ms)
			ExecutionOrderSort (0ms)
			DisableScriptedObjects (0ms)
			BackupInstance (0ms)
			ReleaseScriptingObjects (0ms)
			CreateAndSetChildDomain (1ms)
		EndReloadAssembly (410ms)
			LoadAssemblies (63ms)
			RebuildTransferFunctionScriptingTraits (0ms)
			SetupTypeCache (113ms)
			ReleaseScriptCaches (0ms)
			RebuildScriptCaches (23ms)
			SetupLoadedEditorAssemblies (179ms)
				LogAssemblyErrors (0ms)
				InitializePlatformSupportModulesInManaged (4ms)
				SetLoadedEditorAssemblies (0ms)
				RefreshPlugins (64ms)
				BeforeProcessingInitializeOnLoad (12ms)
				ProcessInitializeOnLoadAttributes (74ms)
				ProcessInitializeOnLoadMethodAttributes (25ms)
				AfterProcessingInitializeOnLoad (0ms)
				EditorAssembliesLoaded (0ms)
			ExecutionOrderSort2 (0ms)
			AwakeInstancesAfterBackupRestoration (0ms)
Platform modules already initialized, skipping
Registering precompiled user dll's ...
Registered in 0.002282 seconds.
Begin MonoManager ReloadAssembly
Native extension for WindowsStandalone target not found
Refreshing native plugins compatible for Editor in 89.12 ms, found 0 plugins.
Preloading 0 native plugins for Editor in 0.00 ms.
Mono: successfully reloaded assembly
- Completed reload, in  1.208 seconds
Domain Reload Profiling:
	ReloadAssembly (1209ms)
		BeginReloadAssembly (126ms)
			ExecutionOrderSort (0ms)
			DisableScriptedObjects (4ms)
			BackupInstance (0ms)
			ReleaseScriptingObjects (0ms)
			CreateAndSetChildDomain (17ms)
		EndReloadAssembly (1028ms)
			LoadAssemblies (97ms)
			RebuildTransferFunctionScriptingTraits (0ms)
			SetupTypeCache (241ms)
			ReleaseScriptCaches (1ms)
			RebuildScriptCaches (71ms)
			SetupLoadedEditorAssemblies (521ms)
				LogAssemblyErrors (0ms)
				InitializePlatformSupportModulesInManaged (5ms)
				SetLoadedEditorAssemblies (0ms)
				RefreshPlugins (89ms)
				BeforeProcessingInitializeOnLoad (108ms)
				ProcessInitializeOnLoadAttributes (148ms)
				ProcessInitializeOnLoadMethodAttributes (162ms)
				AfterProcessingInitializeOnLoad (9ms)
				EditorAssembliesLoaded (0ms)
			ExecutionOrderSort2 (0ms)
			AwakeInstancesAfterBackupRestoration (2ms)
Platform modules already initialized, skipping
========================================================================
Worker process is ready to serve import requests
Launched and connected shader compiler UnityShaderCompiler.exe after 0.04 seconds
Refreshing native plugins compatible for Editor in 1.43 ms, found 0 plugins.
Preloading 0 native plugins for Editor in 0.00 ms.
Unloading 3397 Unused Serialized files (Serialized files now loaded: 0)
System memory in use before: 174.0 MB.
System memory in use after: 174.2 MB.

Unloading 10 unused Assets to reduce memory usage. Loaded Objects now: 3854.
Total: 5.623900 ms (FindLiveObjects: 0.520700 ms CreateObjectMapping: 0.178200 ms MarkObjects: 4.832500 ms  DeleteObjects: 0.090800 ms)

AssetImportParameters requested are different than current active one (requested -> active):
  custom:framework-win-MediaFoundation: 216162199b28c13a410421893ffa2e32 -> 
  custom:video-decoder-ogg-theora: a1e56fd34408186e4bbccfd4996cb3dc -> 
  custom:container-muxer-webm: aa71ff27fc2769a1b78a27578f13a17b -> 
  custom:container-demuxer-webm: 4f35f7cbe854078d1ac9338744f61a02 -> 
  custom:container-demuxer-ogg: 62fdf1f143b41e24485cea50d1cbac27 -> 
  custom:video-encoder-webm-vp8: eb34c28f22e8b96e1ab97ce403110664 -> 
  custom:video-codec-MediaFoundation-h265: 746d11721c4dcdbdad8f713fa42b33f4 -> 
  custom:video-decoder-webm-vp8: 9c59270c3fd7afecdb556c50c9e8de78 -> 
  custom:audio-decoder-ogg-vorbis: bf7c407c2cedff20999df2af8eb42d56 -> 
  custom:audio-encoder-webm-vorbis: bf7c407c2cedff20999df2af8eb42d56 -> 
========================================================================
Received Import Request.
  path: Assets/Post Processing Volume Profile.asset
  artifactKey: Guid(334bbc5078a770e40a51c75b3fc9c063) Importer(815301076,1909f56bfc062723c751e8b465ee728b)
Start importing Assets/Post Processing Volume Profile.asset using Guid(334bbc5078a770e40a51c75b3fc9c063) Importer(815301076,1909f56bfc062723c751e8b465ee728b)  -> (artifact id: '4fdc249edb743dd0bf6d8f99a6f7240f') in 0.094774 seconds 
========================================================================
Received Import Request.
  Time since last request: 1245.904394 seconds.
  path: Assets/VEI_3370_Assets
  artifactKey: Guid(9cd31ca0733f7d443bcee07905292884) Importer(815301076,1909f56bfc062723c751e8b465ee728b)
Start importing Assets/VEI_3370_Assets using Guid(9cd31ca0733f7d443bcee07905292884) Importer(815301076,1909f56bfc062723c751e8b465ee728b)  -> (artifact id: '36f6c00d1651db0bf60b94c2f72e691d') in 0.002896 seconds 
========================================================================
Received Import Request.
  Time since last request: 3.424260 seconds.
  path: Assets/VEI_3370_Assets/ExampleAssets
  artifactKey: Guid(f836e14d7d08c5848a180a34cf252044) Importer(815301076,1909f56bfc062723c751e8b465ee728b)
Start importing Assets/VEI_3370_Assets/ExampleAssets using Guid(f836e14d7d08c5848a180a34cf252044) Importer(815301076,1909f56bfc062723c751e8b465ee728b)  -> (artifact id: '0c2a762e0757a762dc1b7455611f2df6') in 0.011981 seconds 
========================================================================
Received Import Request.
  Time since last request: 0.963609 seconds.
  path: Assets/VEI_3370_Assets/ExampleAssets/Meshes
  artifactKey: Guid(8aceba121b122294b945ff738f95c62d) Importer(815301076,1909f56bfc062723c751e8b465ee728b)
Start importing Assets/VEI_3370_Assets/ExampleAssets/Meshes using Guid(8aceba121b122294b945ff738f95c62d) Importer(815301076,1909f56bfc062723c751e8b465ee728b)  -> (artifact id: 'd4fd4f49bca34191e316cc879d5df49e') in 0.002317 seconds 
========================================================================
Received Import Request.
  Time since last request: 0.593095 seconds.
  path: Assets/VEI_3370_Assets/ExampleAssets/Meshes/LampPost
  artifactKey: Guid(d06f14e7f78b6a543829186b46b79c72) Importer(815301076,1909f56bfc062723c751e8b465ee728b)
Start importing Assets/VEI_3370_Assets/ExampleAssets/Meshes/LampPost using Guid(d06f14e7f78b6a543829186b46b79c72) Importer(815301076,1909f56bfc062723c751e8b465ee728b)  -> (artifact id: '73e0479c0b8372b871920ed8a908986e') in 0.002484 seconds 
========================================================================
Received Import Request.
  Time since last request: 0.049342 seconds.
  path: Assets/VEI_3370_Assets/ExampleAssets/Meshes/LampPost/M_LampPost.mat
  artifactKey: Guid(6c7b6cdebfa4e184da31d091566562b3) Importer(815301076,1909f56bfc062723c751e8b465ee728b)
Start importing Assets/VEI_3370_Assets/ExampleAssets/Meshes/LampPost/M_LampPost.mat using Guid(6c7b6cdebfa4e184da31d091566562b3) Importer(815301076,1909f56bfc062723c751e8b465ee728b)  -> (artifact id: 'ca34806b903bb4a523c99a913d0e246c') in 2.029257 seconds 
========================================================================
Received Import Request.
  Time since last request: 0.000155 seconds.
  path: Assets/VEI_3370_Assets/ExampleAssets/Meshes/LampPost/T_Lamp_Normal.tga
  artifactKey: Guid(d4d728eb96ad527429f1f8eec54c71ce) Importer(815301076,1909f56bfc062723c751e8b465ee728b)
Start importing Assets/VEI_3370_Assets/ExampleAssets/Meshes/LampPost/T_Lamp_Normal.tga using Guid(d4d728eb96ad527429f1f8eec54c71ce) Importer(815301076,1909f56bfc062723c751e8b465ee728b)  -> (artifact id: 'eb761517bd49c5de7b80aa08b6a4ff1c') in 0.020348 seconds 
========================================================================
Received Import Request.
  Time since last request: 0.000178 seconds.
  path: Assets/VEI_3370_Assets/ExampleAssets/Meshes/LampPost/SM_LampPost.fbx
  artifactKey: Guid(e1df73383fea6174c8fc336c2e3f0c68) Importer(815301076,1909f56bfc062723c751e8b465ee728b)
Start importing Assets/VEI_3370_Assets/ExampleAssets/Meshes/LampPost/SM_LampPost.fbx using Guid(e1df73383fea6174c8fc336c2e3f0c68) Importer(815301076,1909f56bfc062723c751e8b465ee728b)  -> (artifact id: '72fd106e5566b253eba114c32d7642b8') in 3.937913 seconds 
========================================================================
Received Import Request.
  Time since last request: 0.000151 seconds.
  path: Assets/VEI_3370_Assets/ExampleAssets/Meshes/LampPost/T_Lamp_Emissive.tga
  artifactKey: Guid(9d9455e9732c8e44cba83da04969439e) Importer(815301076,1909f56bfc062723c751e8b465ee728b)
Start importing Assets/VEI_3370_Assets/ExampleAssets/Meshes/LampPost/T_Lamp_Emissive.tga using Guid(9d9455e9732c8e44cba83da04969439e) Importer(815301076,1909f56bfc062723c751e8b465ee728b)  -> (artifact id: '6b02091939be80e36206b5828c7a8e68') in 0.015857 seconds 
========================================================================
Received Import Request.
  Time since last request: 0.000156 seconds.
  path: Assets/VEI_3370_Assets/CompositionScene
  artifactKey: Guid(f1928c59dc137464fb512a0571df0d94) Importer(815301076,1909f56bfc062723c751e8b465ee728b)
Start importing Assets/VEI_3370_Assets/CompositionScene using Guid(f1928c59dc137464fb512a0571df0d94) Importer(815301076,1909f56bfc062723c751e8b465ee728b)  -> (artifact id: '47978aa25172d762f27dea90f1cb3ffc') in 0.002451 seconds 
========================================================================
Received Import Request.
  Time since last request: 0.000147 seconds.
  path: Assets/VEI_3370_Assets/ExampleAssets/Meshes/LampPost/M_LampPost_Cutout.mat
  artifactKey: Guid(9c4976382c4c93b4691ecff580966c65) Importer(815301076,1909f56bfc062723c751e8b465ee728b)
Start importing Assets/VEI_3370_Assets/ExampleAssets/Meshes/LampPost/M_LampPost_Cutout.mat using Guid(9c4976382c4c93b4691ecff580966c65) Importer(815301076,1909f56bfc062723c751e8b465ee728b)  -> (artifact id: 'b469049bd39c002de2f72ee6189c3ac7') in 0.024513 seconds 
========================================================================
Received Import Request.
  Time since last request: 0.000143 seconds.
  path: Assets/_Game
  artifactKey: Guid(87c409fa8c8a2aa4eb264347380ad4f9) Importer(815301076,1909f56bfc062723c751e8b465ee728b)
Start importing Assets/_Game using Guid(87c409fa8c8a2aa4eb264347380ad4f9) Importer(815301076,1909f56bfc062723c751e8b465ee728b)  -> (artifact id: 'f2693d7e21f4a827c6cd88fd78ef426e') in 0.002343 seconds 
========================================================================
Received Import Request.
  Time since last request: 0.000159 seconds.
  path: Assets/VEI_3370_Assets/ExampleAssets/Meshes/LampPost/T_Lamp_Mask.tga
  artifactKey: Guid(4a9724c56c17d97438a444867c3ec927) Importer(815301076,1909f56bfc062723c751e8b465ee728b)
Start importing Assets/VEI_3370_Assets/ExampleAssets/Meshes/LampPost/T_Lamp_Mask.tga using Guid(4a9724c56c17d97438a444867c3ec927) Importer(815301076,1909f56bfc062723c751e8b465ee728b)  -> (artifact id: '7b178d01d28d270b2aa68f2f9bf55003') in 0.012028 seconds 
========================================================================
Received Import Request.
  Time since last request: 0.000150 seconds.
  path: Assets/VEI_3370_Assets/ExampleAssets/Meshes/LampPost/T_Lamp_Albedo.tga
  artifactKey: Guid(2a6db9306d64d2f428848beef65b497a) Importer(815301076,1909f56bfc062723c751e8b465ee728b)
Start importing Assets/VEI_3370_Assets/ExampleAssets/Meshes/LampPost/T_Lamp_Albedo.tga using Guid(2a6db9306d64d2f428848beef65b497a) Importer(815301076,1909f56bfc062723c751e8b465ee728b)  -> (artifact id: '6be524990b2f554654be9a0823aa5a53') in 0.008539 seconds 
========================================================================
Received Import Request.
  Time since last request: 0.000180 seconds.
  path: Assets/VEI_3370_Assets/CompositionScene/M_BlankGrey.mat
  artifactKey: Guid(de4ce3f4135144740b6a5692d076d253) Importer(815301076,1909f56bfc062723c751e8b465ee728b)
Start importing Assets/VEI_3370_Assets/CompositionScene/M_BlankGrey.mat using Guid(de4ce3f4135144740b6a5692d076d253) Importer(815301076,1909f56bfc062723c751e8b465ee728b)  -> (artifact id: '1b3dfa994c6e30c7085d10ead70260a6') in 0.014609 seconds 
========================================================================
Received Import Request.
  Time since last request: 29.103585 seconds.
  path: Assets/_Game/Scenes
  artifactKey: Guid(416c1bde1be8f91409e2c4f509a1a087) Importer(815301076,1909f56bfc062723c751e8b465ee728b)
Start importing Assets/_Game/Scenes using Guid(416c1bde1be8f91409e2c4f509a1a087) Importer(815301076,1909f56bfc062723c751e8b465ee728b)  -> (artifact id: 'dd711c3091ebb6c4b16531d0acde0867') in 0.002710 seconds 
========================================================================
Received Import Request.
  Time since last request: 4.463790 seconds.
  path: Assets/_Game/Scenes/Level_01/Level_01.unity
  artifactKey: Guid(992b0666dd798e849840681045e2e39f) Importer(815301076,1909f56bfc062723c751e8b465ee728b)
Start importing Assets/_Game/Scenes/Level_01/Level_01.unity using Guid(992b0666dd798e849840681045e2e39f) Importer(815301076,1909f56bfc062723c751e8b465ee728b)  -> (artifact id: '06c16bfa317f3092f962b2aa8551240a') in 0.002785 seconds 
========================================================================
Received Prepare
Registering precompiled user dll's ...
Registered in 0.001724 seconds.
Begin MonoManager ReloadAssembly
Native extension for WindowsStandalone target not found
Refreshing native plugins compatible for Editor in 0.56 ms, found 0 plugins.
Preloading 0 native plugins for Editor in 0.00 ms.
Mono: successfully reloaded assembly
- Completed reload, in  0.862 seconds
Domain Reload Profiling:
	ReloadAssembly (863ms)
		BeginReloadAssembly (137ms)
			ExecutionOrderSort (0ms)
			DisableScriptedObjects (22ms)
			BackupInstance (0ms)
			ReleaseScriptingObjects (0ms)
			CreateAndSetChildDomain (29ms)
		EndReloadAssembly (680ms)
			LoadAssemblies (79ms)
			RebuildTransferFunctionScriptingTraits (0ms)
			SetupTypeCache (175ms)
			ReleaseScriptCaches (1ms)
			RebuildScriptCaches (42ms)
			SetupLoadedEditorAssemblies (230ms)
				LogAssemblyErrors (0ms)
				InitializePlatformSupportModulesInManaged (3ms)
				SetLoadedEditorAssemblies (0ms)
				RefreshPlugins (1ms)
				BeforeProcessingInitializeOnLoad (89ms)
				ProcessInitializeOnLoadAttributes (119ms)
				ProcessInitializeOnLoadMethodAttributes (12ms)
				AfterProcessingInitializeOnLoad (6ms)
				EditorAssembliesLoaded (0ms)
			ExecutionOrderSort2 (0ms)
			AwakeInstancesAfterBackupRestoration (4ms)
Platform modules already initialized, skipping
Refreshing native plugins compatible for Editor in 0.64 ms, found 0 plugins.
Preloading 0 native plugins for Editor in 0.00 ms.
Unloading 3109 Unused Serialized files (Serialized files now loaded: 0)
System memory in use before: 173.8 MB.
System memory in use after: 174.0 MB.

Unloading 6 unused Assets to reduce memory usage. Loaded Objects now: 4035.
Total: 2.659700 ms (FindLiveObjects: 0.223200 ms CreateObjectMapping: 0.088200 ms MarkObjects: 2.330400 ms  DeleteObjects: 0.017100 ms)

AssetImportParameters requested are different than current active one (requested -> active):
  custom:framework-win-MediaFoundation: 216162199b28c13a410421893ffa2e32 -> 
  custom:video-decoder-ogg-theora: a1e56fd34408186e4bbccfd4996cb3dc -> 
  custom:container-muxer-webm: aa71ff27fc2769a1b78a27578f13a17b -> 
  custom:container-demuxer-webm: 4f35f7cbe854078d1ac9338744f61a02 -> 
  custom:container-demuxer-ogg: 62fdf1f143b41e24485cea50d1cbac27 -> 
  custom:video-encoder-webm-vp8: eb34c28f22e8b96e1ab97ce403110664 -> 
  custom:video-codec-MediaFoundation-h265: 746d11721c4dcdbdad8f713fa42b33f4 -> 
  custom:video-decoder-webm-vp8: 9c59270c3fd7afecdb556c50c9e8de78 -> 
  custom:audio-decoder-ogg-vorbis: bf7c407c2cedff20999df2af8eb42d56 -> 
  custom:audio-encoder-webm-vorbis: bf7c407c2cedff20999df2af8eb42d56 -> 
AssetImportWorkerClient::OnTransportError - code=2 error=End of file
